03103cam a2200337 i 4500
001 12683849
005 20051218154744.0
008 981008b2001    ilu           000 0 eng  
035    $a 57779
035    $a 90490
035    $a 93202
040    $a DLC $c DLC
906    $a 0 $b und $c orignew $d u $e ncip $f 19 $g y-gencatlg
010    $a    77123332 
245 00 $a Voyager Diacritic test -- New input 001 (SBIE)
260    $a ny $b ny, $c 2001.
300    $a p. $c cm.
500    $a New copy imported from file (8/12/99)
500    $a VOYAGER COLUMN 0  (NEW):  Degree sign (°);  Phono Copyright mark (℗);  Copyright mark (©);  Sharp (♯);  Inverted Question mark (¿);  Inverted Exclamation mark (¡)
500    $a VOYAGER COLUMN 1:  Script L (ℓ);  Polish L (Ł);  Scandanavian O (Ø);  D with Crossbar (Đ);  Icelandic Thorn (Þ);  AE Digraph (Æ); OE Digraph (Œ);  Miagkii Znak (ʹ);  Dot at Midline (·)
500    $a VOYAGER COLUMN 2:  Musical Flat (♭);  Patent Mark (®);  Plus or Minus (±);  O Hook (Ơ);  U Hook (Ư);  Alif (ʾ);  alpha (DO NOT USE);  Ayn (ʻ);  Polish l (ł)
500    $a VOYAGER COLUMN 3:  Scandanavian o (ø);  d with crossbar (đ);  Icelandic Thorn (þ);  ae Digraph (æ);  oe Digraph (œ);  Tverdii Znak (ʺ);  Turkish i (ı);  British Pound (£);  eth (ð)
500    $a VOYAGER COLUMN 4:  Dagger (DO NOT USE);  o Hook (ơ);  u Hook (ư);  Beta (DO NOT USE);  Gamma (DO NOT USE);  Superscript 0 (⁰);  Superscript 1 (¹);  Superscript 2 (²);  Superscript 3 (³)
500    $a VOYAGER COLUMN 5:  Superscript 4 (⁴);  Superscript 5 (⁵);  Superscript 6 (⁶);  Superscript 7 (⁷);  Superscript 8 (⁸);  Superscript 9 (⁹);  Superscript + (⁺);  Superscript - (⁻);  Superscript ( (⁽);
500    $a VOYAGER COLUMN 6:  Superscript ) (⁾);  Subscript 0 (₀);  Subscript  1 (₁);  Subscript 2 (₂);  Subscript 3 (₃);  Subscript 4 (₄);  Subscript 5 (₅);  Subscript 6 (₆);  Subscript 7 (₇)
500    $a VOYAGER COLUMN 7:  Subscript 8 (₈);  Subscript 9 (₉);  Subscript + (₊);  Subscript - (₋);  Subscript ( (₍);  Subscript ) (₎);  Pseudo Question Mark (ỏ);  Grave (ò);  Acute (ó)
500    $a VOYAGER COLUMN 8:  Circumflex (ô);  Tilde (õ);  Macron (ō);  Breve (ŏ);  Superior Dot (ȯ);  Umlaut (ö);  Hacek (ǒ);  Circle Above (o̊);  Ligature left (o︠)
500    $a VOYAGER COLUMN 9:  Ligature right (o︡) ;  High Comma off center (o̕);  Double Acute (ő);  Candrabindu (o̐);  Cedilla (o̧);  Right Hook (ǫ);  Dot Below (ọ);  Double Dot Below (o̤);  Circle Below (o̥)
500    $a VOYAGER COLUMN 10:  Double Underscore (o̳);  Underscore (o̲);  Left Hook (o̦);  Right Cedilla (o̜);  Upadhmaniya (o̮);  Double Tilde 1st half (o︢);  Double Tilde 2nd half (o︣) ;  High Comma centered (o̓)
500    $a VOYAGER PC Keyboard:  Spacing Circumflex (^); Spacing Underscore (_); Spacing Grave (`); Open Curly Bracket ({); Close Curly Bracket (}); Spacing Tilde (~)
500    $a Standard PC Keyboard:   1234567890-=   !@#$%^&*()_+   qwertyuiop[]\   QWERTYUIOP{}|   asdfghjkl;'  ASDFGHJKL:"   zxcvbnm,./   ZXCVBNM<>?

